// Jest Snapshot v1, https://goo.gl/fbAQLP

exports[`DatePicker Component Unit Tests should render correctly 1`] = `
<View>
  <Text>
    Text
  </Text>
  <View
    accessibilityState={
      {
        "busy": undefined,
        "checked": undefined,
        "disabled": undefined,
        "expanded": undefined,
        "selected": undefined,
      }
    }
    accessibilityValue={
      {
        "max": undefined,
        "min": undefined,
        "now": undefined,
        "text": undefined,
      }
    }
    accessible={true}
    collapsable={false}
    focusable={true}
    onBlur={[Function]}
    onClick={[Function]}
    onFocus={[Function]}
    onResponderGrant={[Function]}
    onResponderMove={[Function]}
    onResponderRelease={[Function]}
    onResponderTerminate={[Function]}
    onResponderTerminationRequest={[Function]}
    onStartShouldSetResponder={[Function]}
  >
    <View
      pointerEvents="none"
    >
      <TextInput
        editable={false}
        style={{}}
        value="15-02-2024"
      />
    </View>
  </View>
</View>
`;
