// Jest Snapshot v1, https://goo.gl/fbAQLP

exports[`AddAssetModal Unit Tests should render correctly 1`] = `
<Modal
  hardwareAccelerated={false}
  visible={true}
>
  <View
    style={
      {
        "alignItems": "center",
        "flex": 1,
        "justifyContent": "center",
      }
    }
  >
    <View
      style={
        {
          "backgroundColor": "white",
        }
      }
    >
      <Text>
        Example Modal
      </Text>
    </View>
  </View>
</Modal>
`;
