// Jest Snapshot v1, https://goo.gl/fbAQLP

exports[`InvestmentCard Component Unit Tests should render correctly 1`] = `
<View
  accessibilityState={
    {
      "busy": undefined,
      "checked": undefined,
      "disabled": undefined,
      "expanded": undefined,
      "selected": undefined,
    }
  }
  accessibilityValue={
    {
      "max": undefined,
      "min": undefined,
      "now": undefined,
      "text": undefined,
    }
  }
  accessible={true}
  collapsable={false}
  focusable={true}
  onBlur={[Function]}
  onClick={[Function]}
  onFocus={[Function]}
  onResponderGrant={[Function]}
  onResponderMove={[Function]}
  onResponderRelease={[Function]}
  onResponderTerminate={[Function]}
  onResponderTerminationRequest={[Function]}
  onStartShouldSetResponder={[Function]}
  style={
    [
      {
        "borderRadius": 4,
        "margin": 4,
        "padding": 4,
      },
      {
        "backgroundColor": "#F3CC79",
      },
    ]
  }
  testID="testInvestmentCardPressable"
>
  <Text
    testID="testInvestmentCardInvestmentName"
  >
    Test Fund
  </Text>
  <View
    style={
      {
        "flexDirection": "row",
        "justifyContent": "space-between",
      }
    }
  >
    <View
      style={
        {
          "flexDirection": "row",
        }
      }
    >
      <Text
        testID="testInvestmentCardProfitText"
      >
        Profit: 
      </Text>
      <Text
        style={
          {
            "color": "#AA1704",
          }
        }
        testID="testInvestmentCardProfitNumber"
      >
        5000 TL
      </Text>
    </View>
    <View
      style={
        {
          "flexDirection": "row",
        }
      }
    >
      <Text
        testID="testInvestmentCardPercentageText"
      >
        % 
      </Text>
      <Text
        style={
          {
            "color": "#04AA17",
          }
        }
        testID="testInvestmentCardPercentageNumber"
      >
        5
      </Text>
    </View>
  </View>
</View>
`;
