// Jest Snapshot v1, https://goo.gl/fbAQLP

exports[`Loading Component Unit Tests should render correctly 1`] = `
<Modal
  hardwareAccelerated={false}
  transparent={true}
  visible={true}
>
  <View
    style={
      {
        "alignItems": "center",
        "backgroundColor": "#000000",
        "flex": 1,
        "justifyContent": "center",
        "opacity": 0.32,
      }
    }
  >
    <ActivityIndicator
      size="large"
    />
  </View>
</Modal>
`;
