// Jest Snapshot v1, https://goo.gl/fbAQLP

exports[`Loading Component Unit Tests should render correctly 1`] = `
<Modal
  hardwareAccelerated={false}
  transparent={true}
  visible={true}
>
  <ActivityIndicator
    style={
      {
        "alignItems": "center",
        "flex": 1,
        "justifyContent": "center",
      }
    }
  />
</Modal>
`;
